
Unigraphics NX2406.1700 / 2D Exchange

Reading part: C:\Users\kenji\Desktop\Documents\NX\Battery Pack 07172025\Draft 07172025\Draft v2PCB Positive.prt


Writing part: C:\Users\kenji\AppData\Local\Temp\kenjh_zo120ypzfap.prt

Elapsed time   :    0 minutes,  0 seconds
Actual CPU Time:    0 minutes,  0 seconds

INFO-
INFO-		Unigraphics Version NX2406.1700 to AutoCAD 2007
INFO-		
INFO-
INFO-		Running UGTODXF Translator .....
INFO-
INFO-		Start of Translation: Tue Jul 22 11:50:27 2025
INFO-
STATUS-		Converting C:\Users\kenji\AppData\Local\Temp\kenjh_zo120ypzfap.prt
STATUS-
SUMMARY-
SUMMARY-	Summary of Unigraphics Input Entities
SUMMARY-	For Unigraphics File: C:\Users\kenji\AppData\Local\Temp\kenjh_zo120ypzfap.prt
SUMMARY-	------------------------------------------------------------------
SUMMARY-	Entity Type					Count
SUMMARY-	------------------------------------------------------------------
SUMMARY-	Line .....................................:	60
SUMMARY-	Point ....................................:	1
SUMMARY-	Arc ......................................:	4
SUMMARY-	Circle ...................................:	24
SUMMARY-	------------------------------------------------------------------
SUMMARY-	Total ....................................:	89
SUMMARY-	------------------------------------------------------------------
SUMMARY-
STATUS-
INFO-
INFO-		Writing File: C:\Users\kenji\Desktop\Documents\KiCad\9.0\projects\SCFE\SCFE26_ACCUM_Celltaps_PCB_Positive\Draft v2PCB Positive_1.dxf
SUMMARY-	Summary of AutoCAD Output Entities
SUMMARY-	------------------------------------------------------------------
SUMMARY-	Entity Type					Count
SUMMARY-	------------------------------------------------------------------
SUMMARY-	Arc ......................................:	4
SUMMARY-	Circle ...................................:	24
SUMMARY-	Point ....................................:	1
SUMMARY-	Line .....................................:	60
SUMMARY-	Layout ...................................:	6
SUMMARY-	------------------------------------------------------------------
SUMMARY-	Total ....................................:	95
SUMMARY-	------------------------------------------------------------------
SUMMARY-
INFO-
INFO-		End of Translation: Tue Jul 22 11:50:27 2025
INFO-		Translation CPU time: 0 m, 1 sINFO-
