Microchip MPLAB XC8 Compiler V3.00

Linker command line:

-W-3 \
  --edf=C:\Program Files\Microchip\xc8\v3.00\pic\dat\20241204225717_en.msgs \
  -cn -h+dist/default/production\relay_board.X.production.sym \
  --cmf=dist/default/production\relay_board.X.production.cmf -z -Q12F609 \
  -oC:\Users\timxw\AppData\Local\Temp\xcAsqm4.\driver_tmp_3.o \
  --defsym=__MPLAB_BUILD=1 --fixupoverflow=error \
  -Mdist/default/production/relay_board.X.production.map \
  --md=C:\Users\timxw\AppData\Local\Temp\xcAsqm4.\driver_tmp_0.dat -E1 \
  -ver=XC8 Compiler -ACODE=00h-03FFh -ASTRCODE=00h-03FFh \
  -ASTRING=00h-0FFhx4 -ACONST=00h-0FFhx4 -AENTRY=00h-0FFhx4 \
  -ACOMMON=070h-07Fh -ABANK0=040h-06Fh -ARAM=040h-06Fh -AABS1=040h-07Fh \
  -ASFR0=00h-03Fh -ASFR1=080h-0EFh -ACONFIG=02007h-02007h -DCONFIG=2 \
  -AIDLOC=02000h-02003h -DIDLOC=2 -DCODE=2 -DSTRCODE=2 -DSTRING=2 -DCONST=2 \
  -DENTRY=2 -preset_vec=00h,intentry,sivt,init,end_init -ppowerup=CODE \
  -pcinit=CODE -pfunctab=ENTRY -k \
  C:\Users\timxw\AppData\Local\Temp\xcAsqm4.\driver_tmp_9.o \
  dist/default/production\relay_board.X.production.o 

Object code version is 3.11

Machine type is 12F609



                Name                               Link     Load   Length Selector   Space Scale
C:\Users\timxw\AppData\Local\Temp\xcAsqm4.\driver_tmp_9.o
                end_init                              0        0        1        0       0
                config                             2007     2007        1        0       4
dist/default/production\relay_board.X.production.o
                cinit                               3FC      3FC        4      7F8       0
                config                             2007     2007        1        0       4
                maintext                            360      360       9C      6C0       0
                cstackCOMMON                         70       70        6       70       1
                bssCOMMON                            76       76        2       70       1

TOTAL           Name                               Link     Load   Length     Space
        CLASS   CODE           
                end_init                              0        0        1         0
                cinit                               3FC      3FC        4         0
                maintext                            360      360       9C         0

        CLASS   STRCODE        

        CLASS   STRING         

        CLASS   CONST          

        CLASS   ENTRY          

        CLASS   COMMON         
                cstackCOMMON                         70       70        6         1
                bssCOMMON                            76       76        2         1

        CLASS   BANK0          

        CLASS   RAM            

        CLASS   ABS1           
                abs_s1                               7E       7E        2         1

        CLASS   SFR0           

        CLASS   SFR1           

        CLASS   CONFIG         
                config                             2007     2007        1         4

        CLASS   IDLOC          

        CLASS   BANK1          

        CLASS   HEAP           

        CLASS   STACK          

        CLASS   EEDATA         



SEGMENTS        Name                           Load    Length   Top    Selector   Space  Class     Delta

                reset_vec                      000000  000001  000001         0       0  CODE        2
                cstackCOMMON                   000070  000008  000078        70       1  COMMON      1
                maintext                       000360  00009C  0003FC       6C0       0  CODE        2
                cinit                          0003FC  000004  000400       7F8       0  CODE        2


UNUSED ADDRESS RANGES

        Name                Unused          Largest block    Delta
        BANK0            0040-006F             30           1
        CODE             0001-035F            35F           2
        COMMON           0078-007D              6           1
        CONST            0001-035F            100           2
        ENTRY            0001-035F            100           2
        IDLOC            2000-2003              4           2
        RAM              0040-006F             30           1
        SFR0             0000-003F             40           1
        SFR1             0080-00EF             70           1
        STRCODE          0001-035F            35F           2
        STRING           0001-035F            100           2

                                  Symbol Table

_ANSEL                   (abs)        009F
_CMCON0                  (abs)        001A
_CMCON1                  (abs)        001C
_GIE                     (abs)        005F
_GPIO                    (abs)        0005
_INTCON                  (abs)        000B
_IOC                     (abs)        0096
_OPTION_REG              (abs)        0081
_PEIE                    (abs)        005E
_PIE1                    (abs)        008C
_PIR1                    (abs)        000C
_PIR1bits                (abs)        000C
_T1CON                   (abs)        0010
_TMR1IE                  (abs)        0460
_TMR1IF                  (abs)        0060
_TRISIO                  (abs)        0085
_WPU                     (abs)        0095
__H__absolute__          __absolute__ 0000
__Habs1                  abs1         0000
__Hbank0                 bank0        0000
__Hbank1                 bank1        0000
__HbssCOMMON             bssCOMMON    0000
__Hcinit                 cinit        0400
__Hclrtext               clrtext      0000
__Hcode                  code         0000
__Hcommon                common       0000
__Hconfig                config       2008
__HcstackCOMMON          cstackCOMMON 0000
__Heeprom_data           eeprom_data  0000
__Hend_init              end_init     0001
__Hfunctab               functab      0000
__Hheap                  heap         0000
__Hinit                  init         0000
__Hintentry              intentry     0000
__Hmaintext              maintext     0000
__Hpowerup               powerup      0000
__Hram                   ram          0000
__Hreset_vec             reset_vec    0000
__Hsfr0                  sfr0         0000
__Hsfr1                  sfr1         0000
__Hsivt                  sivt         0000
__Hspace_0               (abs)        0400
__Hspace_1               (abs)        0078
__Hspace_2               (abs)        0000
__Hspace_3               (abs)        0000
__Hspace_4               (abs)        400F
__Hstack                 stack        0000
__Hstrings               strings      0000
__Htext                  text         0000
__L__absolute__          __absolute__ 0000
__Labs1                  abs1         0000
__Lbank0                 bank0        0000
__Lbank1                 bank1        0000
__LbssCOMMON             bssCOMMON    0000
__Lcinit                 cinit        03FC
__Lclrtext               clrtext      0000
__Lcode                  code         0000
__Lcommon                common       0000
__Lconfig                config       0000
__LcstackCOMMON          cstackCOMMON 0000
__Leeprom_data           eeprom_data  0000
__Lend_init              end_init     0000
__Lfunctab               functab      0000
__Lheap                  heap         0000
__Linit                  init         0000
__Lintentry              intentry     0000
__Lmaintext              maintext     0000
__Lpowerup               powerup      0000
__Lram                   ram          0000
__Lreset_vec             reset_vec    0000
__Lsfr0                  sfr0         0000
__Lsfr1                  sfr1         0000
__Lsivt                  sivt         0000
__Lspace_0               (abs)        0000
__Lspace_1               (abs)        0000
__Lspace_2               (abs)        0000
__Lspace_3               (abs)        0000
__Lspace_4               (abs)        0000
__Lstack                 stack        0000
__Lstrings               strings      0000
__Ltext                  text         0000
__S0                     (abs)        0400
__S1                     (abs)        0078
___heap_hi               (abs)        0000
___heap_lo               (abs)        0000
___int_sp                stack        0000
___int_stack_hi          stack        0000
___int_stack_lo          stack        0000
___latbits               (abs)        0000
___sp                    stack        0000
___stack_hi              stack        0000
___stack_lo              stack        0000
___stackhi               (abs)        0000
___stacklo               (abs)        0000
__end_of__initialization cinit        03FE
__end_of_main            maintext     03FC
__initialization         cinit        03FC
__pbssCOMMON             bssCOMMON    0076
__pcstackCOMMON          cstackCOMMON 0070
__pmaintext              maintext     0360
_blink_counter           bssCOMMON    0076
_main                    maintext     0360
_main$75                 cstackCOMMON 0074
btemp                    (abs)        007E
end_of_initialization    cinit        03FE
intlevel0                functab      0000
intlevel1                functab      0000
intlevel2                functab      0000
intlevel3                functab      0000
intlevel4                functab      0000
intlevel5                functab      0000
main@bms_gate_state      cstackCOMMON 0072
main@current_fault       cstackCOMMON 0075
main@imd_gate_state      cstackCOMMON 0073
reset_vec                reset_vec    0000
start                    init         0000
start_initialization     cinit        03FC
wtemp0                   (abs)        007E


MODULE INFORMATION

Module		Function		Class		Link	Load	Size
shared
		__initialization		CODE           	03FC	0000	2

shared estimated size: 2

main.c
		_main          		CODE           	0360	0000	156

main.c estimated size: 156

